<html>
<body>
<pre>
<h1>µVision Build Log</h1>
<h2>Tool Versions:</h2>
IDE-Version: ¦ÌVision V5.36.0.0
Copyright (C) 2021 ARM Ltd and ARM Germany GmbH. All rights reserved.
License Information:  ,  , LIC=HN0AE-529C1-DY7V3-AKEFN-5NI0H-PHA8J
 
Tool Versions:
Toolchain:       MDK-ARM Plus  Version: 5.36.0.0
Toolchain Path:  C:\Keil\ARM\ARMCC\Bin
C Compiler:      Armcc.exe V5.06 update 7 (build 960)
Assembler:       Armasm.exe V5.06 update 7 (build 960)
Linker/Locator:  ArmLink.exe V5.06 update 7 (build 960)
Library Manager: ArmAr.exe V5.06 update 7 (build 960)
Hex Converter:   FromElf.exe V5.06 update 7 (build 960)
CPU DLL:         SARMCM3.DLL V5.36.0.0
Dialog DLL:      DCM.DLL V1.17.3.0
Target DLL:      STLink\ST-LINKIII-KEIL_SWO.dll V3.0.9.0
Dialog DLL:      TCM.DLL V1.53.0.0
 
<h2>Project:</h2>
C:\Users\XTAY\Desktop\STM32L151\MDK-ARM\STM32L151.uvprojx
Project File Date:  10/08/2022

<h2>Output:</h2>
*** Using Compiler 'V5.06 update 7 (build 960)', folder: 'C:\Keil\ARM\ARMCC\Bin'
Build target 'STM32L151'
assembling startup_stm32l151xb.s...
compiling FPM383C.c...
compiling stm32l1xx_hal_tim.c...
compiling stm32l1xx_hal_msp.c...
compiling stm32l1xx_hal.c...
compiling stm32l1xx_hal_flash.c...
compiling gpio.c...
compiling usart.c...
compiling stm32l1xx_hal_tim_ex.c...
compiling stm32l1xx_it.c...
compiling stm32l1xx_hal_gpio.c...
compiling stm32l1xx_hal_flash_ramfunc.c...
compiling main.c...
compiling stm32l1xx_hal_uart.c...
compiling stm32l1xx_hal_flash_ex.c...
compiling stm32l1xx_hal_rcc_ex.c...
compiling stm32l1xx_hal_rcc.c...
compiling system_stm32l1xx.c...
compiling stm32l1xx_hal_pwr_ex.c...
compiling stm32l1xx_hal_exti.c...
compiling stm32l1xx_hal_pwr.c...
compiling stm32l1xx_hal_cortex.c...
compiling stm32l1xx_hal_dma.c...
linking...
Program Size: Code=9808 RO-data=444 RW-data=212 ZI-data=1180  
FromELF: creating hex file...
"FPM383C_L151\FPM383C_L151.axf" - 0 Error(s), 0 Warning(s).

<h2>Software Packages used:</h2>

Package Vendor: ARM
                http://www.keil.com/pack/ARM.CMSIS.5.8.0.pack
                ARM.CMSIS.5.8.0
                CMSIS (Common Microcontroller Software Interface Standard)
   * Component: CORE Version: 5.5.0

Package Vendor: Keil
                http://www.keil.com/pack/Keil.STM32L1xx_DFP.1.3.0.pack
                Keil.STM32L1xx_DFP.1.3.0
                STMicroelectronics STM32L1 Series Device Support and Examples

<h2>Collection of Component include folders:</h2>
  .\RTE\_STM32L151
  C:\Users\XTAY\AppData\Local\Arm\Packs\ARM\CMSIS\5.8.0\CMSIS\Core\Include
  C:\Users\XTAY\AppData\Local\Arm\Packs\Keil\STM32L1xx_DFP\1.3.0\Drivers\CMSIS\Device\ST\STM32L1xx\Include

<h2>Collection of Component Files used:</h2>

   * Component: ARM::CMSIS:CORE:5.5.0
      Include file:  CMSIS\Core\Include\tz_context.h
Build Time Elapsed:  00:00:05
</pre>
</body>
</html>
